C51 COMPILER V9.01   DELAYC                                                                09/20/2026 22:51:55 PAGE 1   


C51 COMPILER V9.01, COMPILATION OF MODULE DELAYC
OBJECT MODULE PLACED IN Delayc.OBJ
COMPILER INVOKED BY: D:\MCU\keil5\C51\BIN\C51.EXE Delayc BROWSE DEBUG OBJECTEXTEND

line level    source

   1          void Delay(unsigned int xms)            //@12.000MHz
   2          {
   3   1              unsigned char i, j;
   4   1      
   5   1              while(xms--)
   6   1              {
   7   2                      i = 2;
   8   2                      j = 239;
   9   2                      do
  10   2                      {
  11   3                              while (--j);
  12   3                      } while (--i);
  13   2              }
  14   1      }


MODULE INFORMATION:   STATIC OVERLAYABLE
   CODE SIZE        =     21    ----
   CONSTANT SIZE    =   ----    ----
   XDATA SIZE       =   ----    ----
   PDATA SIZE       =   ----    ----
   DATA SIZE        =   ----    ----
   IDATA SIZE       =   ----    ----
   BIT SIZE         =   ----    ----
END OF MODULE INFORMATION.


C51 COMPILATION COMPLETE.  0 WARNING(S),  0 ERROR(S)
