C51 COMPILER V9.01   MAIN                                                                  09/21/2026 00:53:24 PAGE 1   


C51 COMPILER V9.01, COMPILATION OF MODULE MAIN
OBJECT MODULE PLACED IN main.OBJ
COMPILER INVOKED BY: D:\MCU\keil5\C51\BIN\C51.EXE main.c BROWSE DEBUG OBJECTEXTEND

line level    source

   1          #include <REGX52.H>
   2          #include "Delay.h"
   3          #include "LCD1602.h"
   4          #include "Key.h"
   5          #include "AT24C02.h"
   6          
   7          unsigned char KeyNum;
   8          unsigned int Num;
   9          
  10          void main()
  11          {
  12   1              LCD_Init();
  13   1              LCD_ShowNum(1,1,Num,5);
  14   1              while(1)
  15   1              {
  16   2      
  17   2                      KeyNum=Key();
  18   2                      if(KeyNum==1)
  19   2                      {
  20   3                              Num++;
  21   3                              LCD_ShowNum(1,1,Num,5);
  22   3                      }
  23   2                      if(KeyNum==2)
  24   2                      {
  25   3                              Num--;
  26   3                              LCD_ShowNum(1,1,Num,5);
  27   3                      }
  28   2                      if(KeyNum==3)
  29   2                      {
  30   3                              AT24C02_WriteByte(0,Num%256);
  31   3                              Delay(5);
  32   3                              AT24C02_WriteByte(1,Num/256);
  33   3                              Delay(5);
  34   3                              LCD_ShowString(2,1,"Write OK!");
  35   3                              Delay(1000);
  36   3                              LCD_ShowString(2,1,"         ");
  37   3                      }
  38   2                      if(KeyNum==4)
  39   2                      {
  40   3                              Num=AT24C02_ReadByte(0);
  41   3                              Num|=AT24C02_ReadByte(1)<<8;
  42   3                              LCD_ShowNum(1,1,Num,5);
  43   3                              LCD_ShowString(2,1,"Read OK!");
  44   3                              Delay(1000);
  45   3                              LCD_ShowString(2,1,"        ");
  46   3                      }
  47   2                      
  48   2              }
  49   1      }


MODULE INFORMATION:   STATIC OVERLAYABLE
   CODE SIZE        =    223    ----
   CONSTANT SIZE    =     38    ----
   XDATA SIZE       =   ----    ----
C51 COMPILER V9.01   MAIN                                                                  09/21/2026 00:53:24 PAGE 2   

   PDATA SIZE       =   ----    ----
   DATA SIZE        =      3    ----
   IDATA SIZE       =   ----    ----
   BIT SIZE         =   ----    ----
END OF MODULE INFORMATION.


C51 COMPILATION COMPLETE.  0 WARNING(S),  0 ERROR(S)
