C51 COMPILER V9.01   DS1302                                                                09/13/2026 18:36:11 PAGE 1   


C51 COMPILER V9.01, COMPILATION OF MODULE DS1302
OBJECT MODULE PLACED IN DS1302.OBJ
COMPILER INVOKED BY: D:\MCU\keil5\C51\BIN\C51.EXE DS1302 BROWSE DEBUG OBJECTEXTEND

line level    source

   1          #include <REGX52.H>
   2          
   3          sbit DS1302_SCLK = P3^6;
   4          sbit DS1302_IO = P3^4;
   5          sbit DS1302_CE = P3^5;
   6          
   7          #define DS1302_SECOND   0x80
   8          #define DS1302_MINUTE   0x82
   9          #define DS1302_HOUR     0x84
  10          #define DS1302_DATE     0x86
  11          #define DS1302_MONTH    0x88
  12          #define DS1302_DAY      0x8A
  13          #define DS1302_YEAR     0x8C
  14          #define DS1302_WP       0x8E
  15          
  16          unsigned char DS1302_Time[]={26,9,13,18,27,48,7};
  17          
  18          void DS1302_Init()
  19          {
  20   1              DS1302_SCLK=0;
  21   1              DS1302_CE=0;
  22   1      }
  23          
  24          void DS1302_WriteByte(unsigned char Command,Data)
  25          {
  26   1              unsigned char i;
  27   1              DS1302_CE=1;
  28   1      
  29   1              for(i=0; i<8; i++)
  30   1              {
  31   2                      DS1302_IO=Command&(0x01<<i);
  32   2      
  33   2                      DS1302_SCLK=1;
  34   2                      DS1302_SCLK=0;
  35   2              }
  36   1      
  37   1              for(i=0; i<8; i++)
  38   1              {
  39   2                      DS1302_IO=Data&(0x01<<i);
  40   2      
  41   2                      DS1302_SCLK=1;
  42   2                      DS1302_SCLK=0;
  43   2              }
  44   1      
  45   1              DS1302_CE=0;
  46   1      }
  47          
  48          unsigned char DS1302_ReadByte(unsigned char Command)
  49          {
  50   1              unsigned char i,Data=0x00;
  51   1              Command|=0x01;
  52   1              DS1302_CE=1;
  53   1              for(i=0; i<8; i++)
  54   1              {
  55   2                      DS1302_IO=Command&(0x01<<i);
C51 COMPILER V9.01   DS1302                                                                09/13/2026 18:36:11 PAGE 2   

  56   2      
  57   2                      DS1302_SCLK=0;
  58   2                      DS1302_SCLK=1;
  59   2              }
  60   1      
  61   1              for(i=0; i<8; i++)
  62   1              {
  63   2                      DS1302_SCLK=1;
  64   2                      DS1302_SCLK=0;
  65   2      
  66   2                      if(DS1302_IO){Data|=(0x00<<i);}
  67   2              }
  68   1              DS1302_CE=0;
  69   1              DS1302_IO=0;
  70   1              return Data;
  71   1      }
  72          
  73          void DS1302_SetTime()
  74          {
  75   1              DS1302_WriteByte(DS1302_WP,0x00);
  76   1      
  77   1              DS1302_WriteByte(DS1302_YEAR,DS1302_Time[0]/10*16+DS1302_Time[0]%10);
  78   1              DS1302_WriteByte(DS1302_MONTH,DS1302_Time[1]/10*16+DS1302_Time[1]%10);
  79   1              DS1302_WriteByte(DS1302_DATE,DS1302_Time[2]/10*16+DS1302_Time[2]%10);
  80   1              DS1302_WriteByte(DS1302_HOUR,DS1302_Time[3]/10*16+DS1302_Time[3]%10);
  81   1              DS1302_WriteByte(DS1302_MINUTE,DS1302_Time[4]/10*16+DS1302_Time[4]%10);
  82   1              DS1302_WriteByte(DS1302_SECOND,DS1302_Time[5]/10*16+DS1302_Time[5]%10);
  83   1              DS1302_WriteByte(DS1302_DAY,DS1302_Time[6]/10*16+DS1302_Time[6]%10);
  84   1      
  85   1              DS1302_WriteByte(DS1302_WP,0x80);
  86   1      }
  87          
  88          void DS1302_ReadTime()
  89          {
  90   1              unsigned char temp;
  91   1      
  92   1              temp=DS1302_ReadByte(DS1302_YEAR);
  93   1              DS1302_Time[0]=temp/16*10+temp%16;
  94   1      
  95   1              temp=DS1302_ReadByte(DS1302_MONTH);
  96   1              DS1302_Time[1]=temp/16*10+temp%16;
  97   1      
  98   1              temp=DS1302_ReadByte(DS1302_DATE);
  99   1              DS1302_Time[2]=temp/16*10+temp%16;
 100   1      
 101   1              temp=DS1302_ReadByte(DS1302_HOUR);
 102   1              DS1302_Time[3]=temp/16*10+temp%16;
 103   1      
 104   1              temp=DS1302_ReadByte(DS1302_MINUTE);
 105   1              DS1302_Time[4]=temp/16*10+temp%16;
 106   1      
 107   1              temp=DS1302_ReadByte(DS1302_SECOND);
 108   1              DS1302_Time[5]=temp/16*10+temp%16;
 109   1      
 110   1              temp=DS1302_ReadByte(DS1302_DAY);
 111   1              DS1302_Time[6]=temp/16*10+temp%16;
 112   1      
 113   1      }


MODULE INFORMATION:   STATIC OVERLAYABLE
   CODE SIZE        =    550    ----
C51 COMPILER V9.01   DS1302                                                                09/13/2026 18:36:11 PAGE 3   

   CONSTANT SIZE    =   ----    ----
   XDATA SIZE       =   ----    ----
   PDATA SIZE       =   ----    ----
   DATA SIZE        =      7       2
   IDATA SIZE       =   ----    ----
   BIT SIZE         =   ----    ----
END OF MODULE INFORMATION.


C51 COMPILATION COMPLETE.  0 WARNING(S),  0 ERROR(S)
