C51 COMPILER V9.01   MAIN                                                                  09/13/2026 18:42:55 PAGE 1   


C51 COMPILER V9.01, COMPILATION OF MODULE MAIN
OBJECT MODULE PLACED IN main.OBJ
COMPILER INVOKED BY: D:\MCU\keil5\C51\BIN\C51.EXE main BROWSE DEBUG OBJECTEXTEND

line level    source

   1          #include <REGX52.H>
   2          #include "LCD1602.h"
   3          #include "DS1302.h"
   4          
   5          unsigned char Second,Minute;
   6          
   7          void main()
   8          {
   9   1              LCD_Init();
  10   1              DS1302_Init();
  11   1              LCD_ShowString(1,1,"  -  -  ");
  12   1              LCD_ShowString(2,1,"  :  :  ");
  13   1              DS1302_SetTime();
  14   1      
  15   1              while(1)
  16   1              {
  17   2                      DS1302_ReadTime();
  18   2                      LCD_ShowNum(1,1,DS1302_Time[0],2);
  19   2                      LCD_ShowNum(1,4,DS1302_Time[1],2);
  20   2                      LCD_ShowNum(1,7,DS1302_Time[2],2);
  21   2                      LCD_ShowNum(2,1,DS1302_Time[3],2);
  22   2                      LCD_ShowNum(2,4,DS1302_Time[4],2);
  23   2                      LCD_ShowNum(2,7,DS1302_Time[5],2);
  24   2      
  25   2              }
  26   1      }


MODULE INFORMATION:   STATIC OVERLAYABLE
   CODE SIZE        =    130    ----
   CONSTANT SIZE    =     18    ----
   XDATA SIZE       =   ----    ----
   PDATA SIZE       =   ----    ----
   DATA SIZE        =      2    ----
   IDATA SIZE       =   ----    ----
   BIT SIZE         =   ----    ----
END OF MODULE INFORMATION.


C51 COMPILATION COMPLETE.  0 WARNING(S),  0 ERROR(S)
