C51 COMPILER V9.01   MAIN                                                                  09/11/2026 00:50:33 PAGE 1   


C51 COMPILER V9.01, COMPILATION OF MODULE MAIN
OBJECT MODULE PLACED IN main.OBJ
COMPILER INVOKED BY: D:\MCU\keil5\C51\BIN\C51.EXE main BROWSE DEBUG OBJECTEXTEND

line level    source

   1          #include <REGX52.H>
   2          #include "Delay.h"
   3          sbit RCK=P3^5;          //RCLK
   4          sbit SCK=P3^6;          //SRCLK
   5          sbit SER=P3^4;          //SER
   6          
   7          #define MATRIX_LED_PORT P0
   8          
   9          /**
  10            *@brief  74HC595写入的一个字节
  11            *@param  要写入的字节
  12            *@retval 无
  13            */
  14          
  15          void _74HC595_WriteByte(unsigned char Byte)
  16          {
  17   1              unsigned char i;
  18   1              for(i=0; i<8; i++)
  19   1              {
  20   2                      SER=Byte&(0x80>>i);
  21   2                      SCK=1;
  22   2                      SCK=0;
  23   2              }
  24   1                      RCK=1;
  25   1                      RCK=0;
  26   1      
  27   1      }
  28          
  29          /**
  30            *@brief  LED点阵屏显示一列数据
  31            *@param  Column 要选择的列，范围0~7
  32            *@param  Data 选择列显示的数据，高位在上，1为亮，0为灭
  33            *@retval 无
  34            */
  35          
  36          void MatrixLED_ShowColumn(unsigned char Column,Data)
  37          {
  38   1              _74HC595_WriteByte(Data);
  39   1              MATRIX_LED_PORT=~(0x80>>Column);
  40   1              Delay(1);
  41   1              MATRIX_LED_PORT=0xFF;   
  42   1      }
  43          
  44          void main()
  45          {
  46   1              SCK=0;
  47   1              RCK=0;
  48   1              while(1)
  49   1              {
  50   2                      MatrixLED_ShowColumn(0,0x3C);
  51   2                      MatrixLED_ShowColumn(1,0x42);
  52   2                      MatrixLED_ShowColumn(2,0xA9);
  53   2                      MatrixLED_ShowColumn(3,0x85);
  54   2      
  55   2                      MatrixLED_ShowColumn(4,0x85);
C51 COMPILER V9.01   MAIN                                                                  09/11/2026 00:50:33 PAGE 2   

  56   2                      MatrixLED_ShowColumn(5,0xA9);
  57   2                      MatrixLED_ShowColumn(6,0x42);
  58   2                      MatrixLED_ShowColumn(7,0x3C);
  59   2      
  60   2              }
  61   1      }


MODULE INFORMATION:   STATIC OVERLAYABLE
   CODE SIZE        =    157    ----
   CONSTANT SIZE    =   ----    ----
   XDATA SIZE       =   ----    ----
   PDATA SIZE       =   ----    ----
   DATA SIZE        =   ----    ----
   IDATA SIZE       =   ----    ----
   BIT SIZE         =   ----    ----
END OF MODULE INFORMATION.


C51 COMPILATION COMPLETE.  0 WARNING(S),  0 ERROR(S)
