BL51 BANKED LINKER/LOCATER V6.22                                                        09/17/2026  23:35:15  PAGE 1


BL51 BANKED LINKER/LOCATER V6.22, INVOKED BY:
D:\MCU\KEIL5\C51\BIN\BL51.EXE Delayc.obj, Timer0.obj, main.obj TO Project RAMSIZE (256)


MEMORY MODEL: SMALL


INPUT MODULES INCLUDED:
  Delayc.obj (DELAYC)
  Timer0.obj (TIMER0)
  main.obj (MAIN)
  D:\MCU\KEIL5\C51\LIB\C51S.LIB (?C_STARTUP)
  D:\MCU\KEIL5\C51\LIB\C51S.LIB (?C_INIT)


LINK MAP OF MODULE:  Project (DELAYC)


            TYPE    BASE      LENGTH    RELOCATION   SEGMENT NAME
            -----------------------------------------------------

            * * * * * * *   D A T A   M E M O R Y   * * * * * * *
            REG     0000H     0008H     ABSOLUTE     "REG BANK 0"
            DATA    0008H     004CH     UNIT         ?DT?MAIN
            IDATA   0054H     0001H     UNIT         ?STACK

            * * * * * * *   C O D E   M E M O R Y   * * * * * * *
            CODE    0000H     0003H     ABSOLUTE     
                    0003H     0008H                  *** GAP ***
            CODE    000BH     0003H     ABSOLUTE     
            CODE    000EH     00FDH     UNIT         ?CO?MAIN
            CODE    010BH     008CH     UNIT         ?C_C51STARTUP
            CODE    0197H     004EH     UNIT         ?C_INITSEG
            CODE    01E5H     0034H     UNIT         ?PR?TIMER0_ROUTINE?MAIN
            CODE    0219H     0031H     UNIT         ?PR?MAIN?MAIN
            CODE    024AH     0017H     UNIT         ?PR?TIMER0_INIT?TIMER0
            CODE    0261H     0015H     UNIT         ?PR?_DELAY?DELAYC



OVERLAY MAP OF MODULE:   Project (DELAYC)


SEGMENT
  +--> CALLED SEGMENT
---------------------
?C_C51STARTUP
  +--> ?PR?MAIN?MAIN
  +--> ?C_INITSEG

?PR?MAIN?MAIN
  +--> ?PR?TIMER0_INIT?TIMER0
  +--> ?CO?MAIN
  +--> ?PR?_DELAY?DELAYC



SYMBOL TABLE OF MODULE:  Project (DELAYC)
BL51 BANKED LINKER/LOCATER V6.22                                                      09/17/2026  23:35:15  PAGE 2



  VALUE           TYPE          NAME
  ----------------------------------

  -------         MODULE        DELAYC
  C:0000H         SYMBOL        _ICE_DUMMY_
  C:0261H         PUBLIC        _Delay
  -------         PROC          _DELAY
  D:0006H         SYMBOL        xms
  -------         DO            
  D:0005H         SYMBOL        i
  D:0004H         SYMBOL        j
  -------         ENDDO         
  C:0261H         LINE#         1
  C:0261H         LINE#         2
  C:0261H         LINE#         5
  C:026BH         LINE#         6
  C:026BH         LINE#         7
  C:026DH         LINE#         8
  C:026FH         LINE#         10
  C:026FH         LINE#         11
  C:0271H         LINE#         12
  C:0273H         LINE#         13
  C:0275H         LINE#         14
  -------         ENDPROC       _DELAY
  -------         ENDMOD        DELAYC

  -------         MODULE        TIMER0
  C:0000H         SYMBOL        _ICE_DUMMY_
  B:00A8H.7       PUBLIC        EA
  C:024AH         PUBLIC        Timer0_Init
  D:0089H         PUBLIC        TMOD
  B:00A8H.1       PUBLIC        ET0
  B:0088H.5       PUBLIC        TF0
  D:008CH         PUBLIC        TH0
  D:008AH         PUBLIC        TL0
  B:00B8H.1       PUBLIC        PT0
  B:0088H.4       PUBLIC        TR0
  -------         PROC          TIMER0_INIT
  C:024AH         LINE#         4
  C:024AH         LINE#         5
  C:024AH         LINE#         8
  C:024DH         LINE#         9
  C:0250H         LINE#         10
  C:0253H         LINE#         11
  C:0256H         LINE#         12
  C:0258H         LINE#         13
  C:025AH         LINE#         15
  C:025CH         LINE#         16
  C:025EH         LINE#         17
  C:0260H         LINE#         18
  -------         ENDPROC       TIMER0_INIT
  -------         ENDMOD        TIMER0

  -------         MODULE        MAIN
  C:0000H         SYMBOL        _ICE_DUMMY_
  C:01E5H         PUBLIC        Timer0_Routine
BL51 BANKED LINKER/LOCATER V6.22                                                      09/17/2026  23:35:15  PAGE 3


  D:00A0H         PUBLIC        P2
  C:000EH         PUBLIC        Music
  B:00A0H.5       PUBLIC        Buzzer
  C:0219H         PUBLIC        main
  D:008CH         PUBLIC        TH0
  D:008AH         PUBLIC        TL0
  B:0088H.4       PUBLIC        TR0
  D:0008H         PUBLIC        MusicSelect
  D:0009H         PUBLIC        FreqSelect
  D:000AH         PUBLIC        FreqTable
  -------         PROC          MAIN
  C:0219H         LINE#         231
  C:0219H         LINE#         232
  C:0219H         LINE#         233
  C:021CH         LINE#         234
  C:021CH         LINE#         235
  C:021CH         LINE#         236
  C:0226H         LINE#         237
  C:0226H         LINE#         238
  C:0228H         LINE#         239
  C:022AH         LINE#         240
  C:0237H         LINE#         241
  C:0239H         LINE#         242
  C:023BH         LINE#         243
  C:0242H         LINE#         244
  C:0244H         LINE#         245
  C:0246H         LINE#         247
  C:0246H         LINE#         248
  C:0248H         LINE#         249
  -------         ENDPROC       MAIN
  -------         PROC          TIMER0_ROUTINE
  C:01E5H         LINE#         254
  C:01F0H         LINE#         256
  C:01FEH         LINE#         257
  C:01FEH         LINE#         258
  C:020BH         LINE#         259
  C:020EH         LINE#         260
  C:0210H         LINE#         261
  C:0210H         LINE#         262
  -------         ENDPROC       TIMER0_ROUTINE
  -------         ENDMOD        MAIN

Program Size: data=85.0 xdata=0 code=622
LINK/LOCATE RUN COMPLETE.  0 WARNING(S),  0 ERROR(S)
