C51 COMPILER V9.01   12C                                                                   09/23/2026 13:28:54 PAGE 1   


C51 COMPILER V9.01, COMPILATION OF MODULE 12C
OBJECT MODULE PLACED IN 12C.OBJ
COMPILER INVOKED BY: D:\MCU\keil5\C51\BIN\C51.EXE 12C.c BROWSE DEBUG OBJECTEXTEND

line level    source

   1          #include <REGX52.H>
   2          
   3          sbit I2C_SCL=P2^1;
   4          sbit I2C_SDA=P2^0;
   5          
   6          /**
   7            *@brief       I2C开始
   8            *@param       无
   9            *@retval      无
  10            */
  11          void I2C_Start(void)
  12          {
  13   1              I2C_SDA=1;
  14   1              I2C_SCL=1;
  15   1              I2C_SDA=0;
  16   1              I2C_SCL=0;
  17   1      }
  18          
  19          /**
  20            *@brief       I2C停止
  21            *@param       无
  22            *@retval      无
  23            */
  24          void I2C_Stop(void)
  25          {
  26   1              I2C_SDA=0;
  27   1              I2C_SCL=1;
  28   1              I2C_SDA=1;
  29   1      }
  30          
  31          /**
  32            *@brief        I2C发送一个字节
  33            *@param        Byte 要发送的字节
  34            *@retval       无
  35            */
  36          void I2C_SendByte(unsigned char Byte)
  37          {
  38   1              unsigned char i;
  39   1              for(i=0; i<8; i++)
  40   1              {
  41   2                      I2C_SDA=Byte&(0x80>>i);
  42   2                      I2C_SCL=1;
  43   2                      I2C_SCL=0;
  44   2              }       
  45   1      }
  46          
  47          /**
  48            *@brief        I2C接收一个字节
  49            *@param        无
  50            *@retval       要接收的一个字节数据
  51            */
  52          unsigned char I2C_ReciveByte(void)
  53          {
  54   1              unsigned char i, Byte=0x00;
  55   1              I2C_SDA=1;//主机释放SDA
C51 COMPILER V9.01   12C                                                                   09/23/2026 13:28:54 PAGE 2   

  56   1      
  57   1              for(i=0; i<8; i++)
  58   1              {
  59   2                      I2C_SCL=1;
  60   2                      if(I2C_SDA){Byte|=(0x80>>i);}
  61   2                      I2C_SCL=0;
  62   2              }
  63   1              return Byte;
  64   1      }
  65          
  66          /**
  67            *@brief        I2C发送应答
  68            *@param        AckBit 发送的应答位 0应答/I非应答
  69            *@retval       无
  70            */
  71          void I2C_SendAck(unsigned char AckBit)
  72          {
  73   1              I2C_SDA=AckBit;
  74   1              I2C_SCL=1;
  75   1              I2C_SCL=0;
  76   1      }
  77          
  78          /**
  79            *@brief        I2C接收应答
  80            *@param        无
  81            *@retval       接收的应答位 0应答/I非应答
  82            */
  83          
  84          unsigned char I2C_ReciveAck(void)
  85          {
  86   1              unsigned char AckBit;
  87   1              I2C_SDA=1;//主机释放SDA
  88   1              I2C_SCL=1;
  89   1              AckBit=I2C_SDA;
  90   1              //if(I2C_SDA)AckBit=I;
  91   1              I2C_SCL=0;
  92   1              return AckBit;
  93   1      }


MODULE INFORMATION:   STATIC OVERLAYABLE
   CODE SIZE        =    109    ----
   CONSTANT SIZE    =   ----    ----
   XDATA SIZE       =   ----    ----
   PDATA SIZE       =   ----    ----
   DATA SIZE        =   ----    ----
   IDATA SIZE       =   ----    ----
   BIT SIZE         =   ----    ----
END OF MODULE INFORMATION.


C51 COMPILATION COMPLETE.  0 WARNING(S),  0 ERROR(S)
