C51 COMPILER V9.01   DS18B20                                                               09/23/2026 13:28:54 PAGE 1   


C51 COMPILER V9.01, COMPILATION OF MODULE DS18B20
OBJECT MODULE PLACED IN DS18B20.OBJ
COMPILER INVOKED BY: D:\MCU\keil5\C51\BIN\C51.EXE DS18B20.c BROWSE DEBUG OBJECTEXTEND

line level    source

   1          #include <REGX52.H>
   2          #include "OneWire.h"
   3          
   4          
   5          #define DS18B20_SKIP_RAM                        0xCC
   6          #define DS18B20_CONVERT                         0x44
   7          #define DS18B20_READ_SCRATCHPAD         0xBE
   8          
   9          void DS18B20_Convert(void)
  10          {
  11   1              OneWire_Init();
  12   1              OneWire_SendByte(DS18B20_SKIP_RAM);
  13   1              OneWire_SendByte(DS18B20_CONVERT);
  14   1      }
  15          
  16          float  DS18B20_ReadT(void)
  17          {
  18   1              unsigned char TLSB,TMSB;
  19   1              int Temp;
  20   1              float T;
  21   1              OneWire_Init();
  22   1              OneWire_SendByte(DS18B20_SKIP_RAM);
  23   1              OneWire_SendByte(DS18B20_READ_SCRATCHPAD);
  24   1              TLSB=OneWire_ReceiveByte();
  25   1              TMSB=OneWire_ReceiveByte();
  26   1              Temp=(TMSB<<8)|TLSB;
  27   1              T=Temp/16.0;
  28   1              return T;
  29   1      }


MODULE INFORMATION:   STATIC OVERLAYABLE
   CODE SIZE        =     57    ----
   CONSTANT SIZE    =   ----    ----
   XDATA SIZE       =   ----    ----
   PDATA SIZE       =   ----    ----
   DATA SIZE        =   ----       1
   IDATA SIZE       =   ----    ----
   BIT SIZE         =   ----    ----
END OF MODULE INFORMATION.


C51 COMPILATION COMPLETE.  0 WARNING(S),  0 ERROR(S)
