C51 COMPILER V9.01   MAIN                                                                  09/22/2026 16:03:19 PAGE 1   


C51 COMPILER V9.01, COMPILATION OF MODULE MAIN
OBJECT MODULE PLACED IN main.OBJ
COMPILER INVOKED BY: D:\MCU\keil5\C51\BIN\C51.EXE main.c BROWSE DEBUG OBJECTEXTEND

line level    source

   1          #include <REGX52.H>
   2          #include "LCD1602.h"
   3          #include "DS18B20.h"
   4          #include "Delay.h"
   5          float T;
   6          
   7          void main()
   8          {
   9   1              DS18B20_Convert();
  10   1              Delay(1000);
  11   1              LCD_Init();
  12   1              LCD_ShowString(1,1,"Temperature:");
  13   1              while(1)
  14   1              {
  15   2                      DS18B20_Convert();
  16   2                      T=DS18B20_ReadT();
  17   2                      if(T<0)
  18   2                      {
  19   3                              LCD_ShowChar(2,1,'-');
  20   3                              T=-T;
  21   3                      }
  22   2                      else
  23   2                      {
  24   3                              LCD_ShowChar(2,1,'+');
  25   3                      }
  26   2                      LCD_ShowNum(2,2,T,3);
  27   2                      LCD_ShowChar(2,5,'.');
  28   2                      LCD_ShowNum(2,6,(unsigned long)(T*10000)%10000,4);
  29   2              }
  30   1      }


MODULE INFORMATION:   STATIC OVERLAYABLE
   CODE SIZE        =    176    ----
   CONSTANT SIZE    =     13    ----
   XDATA SIZE       =   ----    ----
   PDATA SIZE       =   ----    ----
   DATA SIZE        =      4    ----
   IDATA SIZE       =   ----    ----
   BIT SIZE         =   ----    ----
END OF MODULE INFORMATION.


C51 COMPILATION COMPLETE.  0 WARNING(S),  0 ERROR(S)
