C51 COMPILER V9.01   ONEWIRE                                                               09/22/2026 14:50:03 PAGE 1   


C51 COMPILER V9.01, COMPILATION OF MODULE ONEWIRE
OBJECT MODULE PLACED IN OneWire.OBJ
COMPILER INVOKED BY: D:\MCU\keil5\C51\BIN\C51.EXE OneWire.c BROWSE DEBUG OBJECTEXTEND

line level    source

   1          #include <REGX52.H>
   2          
   3          sbit OneWire_DQ=P3^7;
   4          
   5          unsigned char OneWire_Init(void)
   6          {
   7   1              unsigned char i;
   8   1              unsigned char AckBit;
   9   1              OneWire_DQ=1;
  10   1              OneWire_DQ=0;
  11   1      
  12   1              i = 247;while (--i);    //Delay 500us
  13   1              OneWire_DQ=1;   // Õ∑≈
  14   1      
  15   1              i = 32;while (--i);             //Delay 70us
  16   1              AckBit=OneWire_DQ;
  17   1      
  18   1              i = 247;while (--i);    //Delay 500us
  19   1              return  AckBit;
  20   1      }
  21          
  22          void OneWire_SendBit(unsigned char Bit)
  23          {
  24   1              unsigned char i;
  25   1              OneWire_DQ=0;
  26   1              i = 4;while (--i);              //Delay 10us
  27   1              OneWire_DQ=Bit;
  28   1              i = 24;while (--i);             //Delay 50us
  29   1              OneWire_DQ=1;
  30   1      }
  31          
  32          unsigned char OneWire_ReceiveBit(void)
  33          {
  34   1              unsigned char i;
  35   1              unsigned char Bit;
  36   1      
  37   1              OneWire_DQ=0;
  38   1              i = 2;while (--i);              //Delay 5us
  39   1              OneWire_DQ=1;
  40   1              i = 2;while (--i);              //Delay 5us
  41   1              Bit=OneWire_DQ;
  42   1              i = 24;while (--i);             //Delay 50us
  43   1              return Bit;
  44   1      }
  45          
  46          void OneWire_SendByte(unsigned char Byte)
  47          {
  48   1              unsigned char i;
  49   1              for(i=0; i<8; i++)
  50   1              {
  51   2                      OneWire_SendBit(Byte&(0x01<<i));
  52   2              }
  53   1      }
  54          
  55          unsigned char OneWire_ReceiveByte(void)
C51 COMPILER V9.01   ONEWIRE                                                               09/22/2026 14:50:03 PAGE 2   

  56          {
  57   1              unsigned char i;
  58   1              unsigned char Byte=0x00;
  59   1      
  60   1              for(i=0; i<8; i++)
  61   1              {
  62   2                      if(OneWire_ReceiveBit()){Byte|=(0x01<<i);}
  63   2              }
  64   1              return Byte;
  65   1      }


MODULE INFORMATION:   STATIC OVERLAYABLE
   CODE SIZE        =    122    ----
   CONSTANT SIZE    =   ----    ----
   XDATA SIZE       =   ----    ----
   PDATA SIZE       =   ----    ----
   DATA SIZE        =   ----    ----
   IDATA SIZE       =   ----    ----
   BIT SIZE         =   ----    ----
END OF MODULE INFORMATION.


C51 COMPILATION COMPLETE.  0 WARNING(S),  0 ERROR(S)
