BL51 BANKED LINKER/LOCATER V6.22                                                        09/22/2026  16:05:26  PAGE 1


BL51 BANKED LINKER/LOCATER V6.22, INVOKED BY:
D:\MCU\KEIL5\C51\BIN\BL51.EXE main.obj, Delayc.obj, LCD1602.obj, DS18B20.obj, OneWire.obj TO Project RAMSIZE (256) DISAB
>> LEWARNING (16)


MEMORY MODEL: SMALL WITH FLOATING POINT ARITHMETIC


INPUT MODULES INCLUDED:
  main.obj (MAIN)
  Delayc.obj (DELAYC)
  LCD1602.obj (LCD1602)
  DS18B20.obj (DS18B20)
  OneWire.obj (ONEWIRE)
  D:\MCU\KEIL5\C51\LIB\C51FPS.LIB (?C?FPMUL)
  D:\MCU\KEIL5\C51\LIB\C51FPS.LIB (?C?FPDIV)
  D:\MCU\KEIL5\C51\LIB\C51FPS.LIB (?C?FPCMP)
  D:\MCU\KEIL5\C51\LIB\C51FPS.LIB (?C?FPNEG)
  D:\MCU\KEIL5\C51\LIB\C51FPS.LIB (?C?FCAST)
  D:\MCU\KEIL5\C51\LIB\C51FPS.LIB (?C?CASTF)
  D:\MCU\KEIL5\C51\LIB\C51FPS.LIB (?C?FPGETOPN)
  D:\MCU\KEIL5\C51\LIB\C51S.LIB (?C_STARTUP)
  D:\MCU\KEIL5\C51\LIB\C51S.LIB (?C?CLDOPTR)
  D:\MCU\KEIL5\C51\LIB\C51S.LIB (?C?IMUL)
  D:\MCU\KEIL5\C51\LIB\C51S.LIB (?C?UIDIV)
  D:\MCU\KEIL5\C51\LIB\C51S.LIB (?C?ULDIV)
  D:\MCU\KEIL5\C51\LIB\C51S.LIB (?C?LNEG)


LINK MAP OF MODULE:  Project (MAIN)


            TYPE    BASE      LENGTH    RELOCATION   SEGMENT NAME
            -----------------------------------------------------

            * * * * * * *   D A T A   M E M O R Y   * * * * * * *
            REG     0000H     0008H     ABSOLUTE     "REG BANK 0"
            DATA    0008H     0009H     UNIT         _DATA_GROUP_
            DATA    0011H     0007H     UNIT         ?DT?_LCD_SHOWSIGNEDNUM?LCD1602
            DATA    0018H     0005H     UNIT         ?DT?_LCD_SHOWHEXNUM?LCD1602
            DATA    001DH     0005H     UNIT         ?DT?_LCD_SHOWBINNUM?LCD1602
            DATA    0022H     0004H     UNIT         ?DT?MAIN
            IDATA   0026H     0001H     UNIT         ?STACK

            * * * * * * *   C O D E   M E M O R Y   * * * * * * *
            CODE    0000H     0003H     ABSOLUTE     
            CODE    0003H     0453H     UNIT         ?C?LIB_CODE
            CODE    0456H     00B0H     UNIT         ?PR?MAIN?MAIN
            CODE    0506H     003AH     UNIT         ?PR?_LCD_SHOWSIGNEDNUM?LCD1602
            CODE    0540H     0039H     UNIT         ?PR?_LCD_SHOWHEXNUM?LCD1602
            CODE    0579H     0038H     UNIT         ?PR?_LCD_SHOWBINNUM?LCD1602
            CODE    05B1H     0033H     UNIT         ?PR?_LCD_POW?LCD1602
            CODE    05E4H     002CH     UNIT         ?PR?DS18B20_READT?DS18B20
            CODE    0610H     0023H     UNIT         ?PR?_LCD_SHOWSTRING?LCD1602
            CODE    0633H     001EH     UNIT         ?PR?_LCD_WRITEDATA?LCD1602
            CODE    0651H     001DH     UNIT         ?PR?_LCD_SHOWNUM?LCD1602
            CODE    066EH     001DH     UNIT         ?PR?ONEWIRE_RECEIVEBYTE?ONEWIRE
            CODE    068BH     001AH     UNIT         ?PR?ONEWIRE_INIT?ONEWIRE
BL51 BANKED LINKER/LOCATER V6.22                                                      09/22/2026  16:05:26  PAGE 2


            CODE    06A5H     0019H     UNIT         ?PR?_ONEWIRE_SENDBYTE?ONEWIRE
            CODE    06BEH     0018H     UNIT         ?PR?ONEWIRE_RECEIVEBIT?ONEWIRE
            CODE    06D6H     0016H     UNIT         ?PR?_LCD_SETCURSOR?LCD1602
            CODE    06ECH     0015H     UNIT         ?PR?_DELAY?DELAYC
            CODE    0701H     0014H     UNIT         ?PR?LCD_INIT?LCD1602
            CODE    0715H     0012H     UNIT         ?PR?_ONEWIRE_SENDBIT?ONEWIRE
            CODE    0727H     000FH     UNIT         ?PR?LCD_DELAY?LCD1602
            CODE    0736H     000DH     UNIT         ?CO?MAIN
            CODE    0743H     000DH     UNIT         ?PR?DS18B20_CONVERT?DS18B20
            CODE    0750H     000CH     UNIT         ?C_C51STARTUP
            CODE    075CH     000AH     UNIT         ?PR?_LCD_WRITECOMMAND?LCD1602
            CODE    0766H     000AH     UNIT         ?PR?_LCD_SHOWCHAR?LCD1602



OVERLAY MAP OF MODULE:   Project (MAIN)


SEGMENT                                   DATA_GROUP 
  +--> CALLED SEGMENT                   START    LENGTH
-------------------------------------------------------
?C_C51STARTUP                           -----    -----
  +--> ?PR?MAIN?MAIN

?PR?MAIN?MAIN                           -----    -----
  +--> ?PR?DS18B20_CONVERT?DS18B20
  +--> ?PR?_DELAY?DELAYC
  +--> ?PR?LCD_INIT?LCD1602
  +--> ?CO?MAIN
  +--> ?PR?_LCD_SHOWSTRING?LCD1602
  +--> ?PR?DS18B20_READT?DS18B20
  +--> ?PR?_LCD_SHOWCHAR?LCD1602
  +--> ?PR?_LCD_SHOWNUM?LCD1602

?PR?DS18B20_CONVERT?DS18B20             -----    -----
  +--> ?PR?ONEWIRE_INIT?ONEWIRE
  +--> ?PR?_ONEWIRE_SENDBYTE?ONEWIRE

?PR?_ONEWIRE_SENDBYTE?ONEWIRE           -----    -----
  +--> ?PR?_ONEWIRE_SENDBIT?ONEWIRE

?PR?LCD_INIT?LCD1602                    -----    -----
  +--> ?PR?_LCD_WRITECOMMAND?LCD1602

?PR?_LCD_WRITECOMMAND?LCD1602           -----    -----
  +--> ?PR?LCD_DELAY?LCD1602

?PR?_LCD_SHOWSTRING?LCD1602             0008H    0003H
  +--> ?PR?_LCD_SETCURSOR?LCD1602
  +--> ?PR?_LCD_WRITEDATA?LCD1602

?PR?_LCD_SETCURSOR?LCD1602              -----    -----
  +--> ?PR?_LCD_WRITECOMMAND?LCD1602

?PR?_LCD_WRITEDATA?LCD1602              -----    -----
  +--> ?PR?LCD_DELAY?LCD1602

BL51 BANKED LINKER/LOCATER V6.22                                                      09/22/2026  16:05:26  PAGE 3


?PR?DS18B20_READT?DS18B20               0008H    0001H
  +--> ?PR?ONEWIRE_INIT?ONEWIRE
  +--> ?PR?_ONEWIRE_SENDBYTE?ONEWIRE
  +--> ?PR?ONEWIRE_RECEIVEBYTE?ONEWIRE

?PR?ONEWIRE_RECEIVEBYTE?ONEWIRE         -----    -----
  +--> ?PR?ONEWIRE_RECEIVEBIT?ONEWIRE

?PR?_LCD_SHOWCHAR?LCD1602               -----    -----
  +--> ?PR?_LCD_SETCURSOR?LCD1602
  +--> ?PR?_LCD_WRITEDATA?LCD1602

?PR?_LCD_SHOWNUM?LCD1602                0008H    0005H
  +--> ?PR?_LCD_SETCURSOR?LCD1602
  +--> ?PR?_LCD_POW?LCD1602
  +--> ?PR?_LCD_WRITEDATA?LCD1602

?PR?_LCD_POW?LCD1602                    000DH    0004H



SYMBOL TABLE OF MODULE:  Project (MAIN)

  VALUE           TYPE          NAME
  ----------------------------------

  -------         MODULE        MAIN
  C:0000H         SYMBOL        _ICE_DUMMY_
  C:0456H         PUBLIC        main
  D:0022H         PUBLIC        T
  -------         PROC          MAIN
  C:0456H         LINE#         7
  C:0456H         LINE#         8
  C:0456H         LINE#         9
  C:0459H         LINE#         10
  C:0460H         LINE#         11
  C:0463H         LINE#         12
  C:0470H         LINE#         13
  C:0470H         LINE#         14
  C:0470H         LINE#         15
  C:0473H         LINE#         16
  C:047EH         LINE#         17
  C:0490H         LINE#         18
  C:0490H         LINE#         19
  C:0499H         LINE#         20
  C:04ACH         LINE#         21
  C:04AEH         LINE#         23
  C:04AEH         LINE#         24
  C:04B7H         LINE#         25
  C:04B7H         LINE#         26
  C:04D0H         LINE#         27
  C:04D9H         LINE#         28
  C:0503H         LINE#         29
  -------         ENDPROC       MAIN
  -------         ENDMOD        MAIN

  -------         MODULE        DELAYC
BL51 BANKED LINKER/LOCATER V6.22                                                      09/22/2026  16:05:26  PAGE 4


  C:0000H         SYMBOL        _ICE_DUMMY_
  C:06ECH         PUBLIC        _Delay
  -------         PROC          _DELAY
  D:0006H         SYMBOL        xms
  -------         DO            
  D:0005H         SYMBOL        i
  D:0004H         SYMBOL        j
  -------         ENDDO         
  C:06ECH         LINE#         1
  C:06ECH         LINE#         2
  C:06ECH         LINE#         5
  C:06F6H         LINE#         6
  C:06F6H         LINE#         7
  C:06F8H         LINE#         8
  C:06FAH         LINE#         10
  C:06FAH         LINE#         11
  C:06FCH         LINE#         12
  C:06FEH         LINE#         13
  C:0700H         LINE#         14
  -------         ENDPROC       _DELAY
  -------         ENDMOD        DELAYC

  -------         MODULE        LCD1602
  C:0000H         SYMBOL        _ICE_DUMMY_
  D:0080H         PUBLIC        P0
  D:00A0H         PUBLIC        P2
  C:075CH         PUBLIC        _LCD_WriteCommand
  C:0651H         PUBLIC        _LCD_ShowNum
  C:0579H         PUBLIC        _LCD_ShowBinNum
  C:072DH         PUBLIC        LCD_Delay
  C:0540H         PUBLIC        _LCD_ShowHexNum
  C:0647H         PUBLIC        _LCD_WriteData
  B:00A0H.7       PUBLIC        LCD_EN
  C:0701H         PUBLIC        LCD_Init
  C:0610H         PUBLIC        _LCD_ShowString
  C:0766H         PUBLIC        _LCD_ShowChar
  B:00A0H.6       PUBLIC        LCD_RS
  B:00A0H.5       PUBLIC        LCD_RW
  C:06D6H         PUBLIC        _LCD_SetCursor
  C:0506H         PUBLIC        _LCD_ShowSignedNum
  C:05BDH         PUBLIC        _LCD_Pow
  -------         PROC          L?0048
  -------         ENDPROC       L?0048
  -------         PROC          LCD_DELAY
  -------         DO            
  D:0007H         SYMBOL        i
  D:0006H         SYMBOL        j
  -------         ENDDO         
  C:072DH         LINE#         15
  C:072DH         LINE#         16
  C:072DH         LINE#         19
  C:072FH         LINE#         20
  C:0731H         LINE#         22
  C:0731H         LINE#         23
  C:0733H         LINE#         24
  C:0735H         LINE#         25
  -------         ENDPROC       LCD_DELAY
BL51 BANKED LINKER/LOCATER V6.22                                                      09/22/2026  16:05:26  PAGE 5


  -------         PROC          _LCD_WRITECOMMAND
  D:0007H         SYMBOL        Command
  C:075CH         LINE#         32
  C:075CH         LINE#         33
  C:075CH         LINE#         34
  C:075EH         LINE#         35
  C:075EH         LINE#         36
  C:075EH         LINE#         37
  C:075EH         LINE#         38
  C:0761H         LINE#         39
  C:0763H         LINE#         40
  -------         ENDPROC       _LCD_WRITECOMMAND
  -------         PROC          L?0047
  -------         ENDPROC       L?0047
  -------         PROC          _LCD_WRITEDATA
  D:0007H         SYMBOL        Data
  C:0647H         LINE#         48
  C:0647H         LINE#         49
  C:0647H         LINE#         50
  C:0649H         LINE#         51
  C:0649H         LINE#         52
  C:0649H         LINE#         53
  C:0649H         LINE#         54
  C:064CH         LINE#         55
  C:064EH         LINE#         56
  -------         ENDPROC       _LCD_WRITEDATA
  -------         PROC          _LCD_SETCURSOR
  D:0006H         SYMBOL        Line
  D:0005H         SYMBOL        Column
  C:06D6H         LINE#         65
  C:06D8H         LINE#         66
  C:06D8H         LINE#         67
  C:06DBH         LINE#         68
  C:06DBH         LINE#         69
  C:06DDH         LINE#         70
  C:06DFH         LINE#         71
  C:06E2H         LINE#         72
  C:06E2H         LINE#         73
  C:06EBH         LINE#         74
  C:06EBH         LINE#         75
  -------         ENDPROC       _LCD_SETCURSOR
  -------         PROC          LCD_INIT
  C:0701H         LINE#         82
  C:0701H         LINE#         83
  C:0701H         LINE#         84
  C:0706H         LINE#         85
  C:070BH         LINE#         86
  C:0710H         LINE#         87
  -------         ENDPROC       LCD_INIT
  -------         PROC          _LCD_SHOWCHAR
  D:0006H         SYMBOL        Line
  D:0005H         SYMBOL        Column
  D:0004H         SYMBOL        Char
  C:0766H         LINE#         97
  C:0768H         LINE#         98
  C:0768H         LINE#         99
  C:076BH         LINE#         100
BL51 BANKED LINKER/LOCATER V6.22                                                      09/22/2026  16:05:26  PAGE 6


  -------         ENDPROC       _LCD_SHOWCHAR
  -------         PROC          _LCD_SHOWSTRING
  D:0007H         SYMBOL        Line
  D:0005H         SYMBOL        Column
  D:0008H         SYMBOL        String
  -------         DO            
  D:0005H         SYMBOL        i
  -------         ENDDO         
  C:0610H         LINE#         110
  C:0616H         LINE#         111
  C:0616H         LINE#         113
  C:0619H         LINE#         114
  C:062CH         LINE#         115
  C:062CH         LINE#         116
  C:062FH         LINE#         117
  C:0632H         LINE#         118
  -------         ENDPROC       _LCD_SHOWSTRING
  C:05B3H         SYMBOL        L?0046
  -------         PROC          L?0045
  -------         ENDPROC       L?0045
  C:05B3H         SYMBOL        L?0046
  -------         PROC          _LCD_POW
  D:000DH         SYMBOL        X
  D:000FH         SYMBOL        Y
  -------         DO            
  D:0003H         SYMBOL        i
  D:0006H         SYMBOL        Result
  -------         ENDDO         
  C:05BDH         LINE#         123
  C:05C5H         LINE#         124
  C:05C5H         LINE#         126
  C:05C9H         LINE#         127
  C:05D9H         LINE#         128
  C:05D9H         LINE#         129
  C:05E0H         LINE#         130
  C:05E3H         LINE#         131
  C:05E3H         LINE#         132
  -------         ENDPROC       _LCD_POW
  -------         PROC          _LCD_SHOWNUM
  D:0007H         SYMBOL        Line
  D:0005H         SYMBOL        Column
  D:000AH         SYMBOL        Number
  D:000CH         SYMBOL        Length
  -------         DO            
  D:0002H         SYMBOL        i
  -------         ENDDO         
  C:0651H         LINE#         142
  C:0655H         LINE#         143
  C:0655H         LINE#         145
  C:0658H         LINE#         146
  C:0660H         LINE#         147
  C:0660H         LINE#         148
  C:066AH         LINE#         149
  C:066DH         LINE#         150
  -------         ENDPROC       _LCD_SHOWNUM
  -------         PROC          _LCD_SHOWSIGNEDNUM
  D:0007H         SYMBOL        Line
BL51 BANKED LINKER/LOCATER V6.22                                                      09/22/2026  16:05:26  PAGE 7


  D:0005H         SYMBOL        Column
  D:0002H         SYMBOL        Number
  D:0015H         SYMBOL        Length
  -------         DO            
  D:0002H         SYMBOL        i
  D:0016H         SYMBOL        Number1
  -------         ENDDO         
  C:0506H         LINE#         160
  C:0506H         LINE#         161
  C:0506H         LINE#         164
  C:0509H         LINE#         165
  C:0511H         LINE#         166
  C:0511H         LINE#         167
  C:0516H         LINE#         168
  C:051AH         LINE#         169
  C:051CH         LINE#         171
  C:051CH         LINE#         172
  C:0521H         LINE#         173
  C:052AH         LINE#         174
  C:052AH         LINE#         175
  C:0532H         LINE#         176
  C:0532H         LINE#         177
  C:053CH         LINE#         178
  C:053FH         LINE#         179
  -------         ENDPROC       _LCD_SHOWSIGNEDNUM
  -------         PROC          _LCD_SHOWHEXNUM
  D:0007H         SYMBOL        Line
  D:0005H         SYMBOL        Column
  D:001AH         SYMBOL        Number
  D:001CH         SYMBOL        Length
  -------         DO            
  D:0002H         SYMBOL        i
  D:0006H         SYMBOL        SingleNumber
  -------         ENDDO         
  C:0540H         LINE#         189
  C:0544H         LINE#         190
  C:0544H         LINE#         192
  C:0547H         LINE#         193
  C:054FH         LINE#         194
  C:054FH         LINE#         195
  C:0565H         LINE#         196
  C:056BH         LINE#         197
  C:056BH         LINE#         198
  C:056DH         LINE#         199
  C:056FH         LINE#         201
  C:056FH         LINE#         202
  C:0575H         LINE#         203
  C:0575H         LINE#         204
  C:0578H         LINE#         205
  -------         ENDPROC       _LCD_SHOWHEXNUM
  -------         PROC          _LCD_SHOWBINNUM
  D:0007H         SYMBOL        Line
  D:0005H         SYMBOL        Column
  D:001FH         SYMBOL        Number
  D:0021H         SYMBOL        Length
  -------         DO            
  D:0002H         SYMBOL        i
BL51 BANKED LINKER/LOCATER V6.22                                                      09/22/2026  16:05:26  PAGE 8


  -------         ENDDO         
  C:0579H         LINE#         215
  C:057DH         LINE#         216
  C:057DH         LINE#         218
  C:0580H         LINE#         219
  C:0588H         LINE#         220
  C:0588H         LINE#         221
  C:05ADH         LINE#         222
  C:05B0H         LINE#         223
  -------         ENDPROC       _LCD_SHOWBINNUM
  -------         ENDMOD        LCD1602

  -------         MODULE        DS18B20
  C:0000H         SYMBOL        _ICE_DUMMY_
  C:05E4H         PUBLIC        DS18B20_ReadT
  C:0743H         PUBLIC        DS18B20_Convert
  -------         PROC          DS18B20_CONVERT
  C:0743H         LINE#         9
  C:0743H         LINE#         10
  C:0743H         LINE#         11
  C:0746H         LINE#         12
  C:074BH         LINE#         13
  -------         ENDPROC       DS18B20_CONVERT
  -------         PROC          DS18B20_READT
  -------         DO            
  D:0008H         SYMBOL        TLSB
  D:0007H         SYMBOL        TMSB
  D:0006H         SYMBOL        Temp
  D:0004H         SYMBOL        T
  -------         ENDDO         
  C:05E4H         LINE#         16
  C:05E4H         LINE#         17
  C:05E4H         LINE#         21
  C:05E7H         LINE#         22
  C:05ECH         LINE#         23
  C:05F1H         LINE#         24
  C:05F6H         LINE#         25
  C:05F9H         LINE#         26
  C:05FEH         LINE#         27
  C:060FH         LINE#         28
  C:060FH         LINE#         29
  -------         ENDPROC       DS18B20_READT
  -------         ENDMOD        DS18B20

  -------         MODULE        ONEWIRE
  C:0000H         SYMBOL        _ICE_DUMMY_
  D:00B0H         PUBLIC        P3
  C:06BEH         PUBLIC        OneWire_ReceiveBit
  B:00B0H.7       PUBLIC        OneWire_DQ
  C:068BH         PUBLIC        OneWire_Init
  C:06A5H         PUBLIC        _OneWire_SendByte
  C:0715H         PUBLIC        _OneWire_SendBit
  C:066EH         PUBLIC        OneWire_ReceiveByte
  -------         PROC          ONEWIRE_INIT
  -------         DO            
  D:0007H         SYMBOL        i
  D:0006H         SYMBOL        AckBit
BL51 BANKED LINKER/LOCATER V6.22                                                      09/22/2026  16:05:26  PAGE 9


  -------         ENDDO         
  C:068BH         LINE#         5
  C:068BH         LINE#         6
  C:068BH         LINE#         9
  C:068DH         LINE#         10
  C:068FH         LINE#         12
  C:0693H         LINE#         13
  C:0695H         LINE#         15
  C:0699H         LINE#         16
  C:069EH         LINE#         18
  C:06A2H         LINE#         19
  C:06A4H         LINE#         20
  -------         ENDPROC       ONEWIRE_INIT
  -------         PROC          _ONEWIRE_SENDBIT
  D:0007H         SYMBOL        Bit
  -------         DO            
  D:0006H         SYMBOL        i
  -------         ENDDO         
  C:0715H         LINE#         22
  C:0715H         LINE#         23
  C:0715H         LINE#         25
  C:0717H         LINE#         26
  C:071BH         LINE#         27
  C:0720H         LINE#         28
  C:0724H         LINE#         29
  C:0726H         LINE#         30
  -------         ENDPROC       _ONEWIRE_SENDBIT
  -------         PROC          ONEWIRE_RECEIVEBIT
  -------         DO            
  D:0007H         SYMBOL        i
  D:0006H         SYMBOL        Bit
  -------         ENDDO         
  C:06BEH         LINE#         32
  C:06BEH         LINE#         33
  C:06BEH         LINE#         37
  C:06C0H         LINE#         38
  C:06C4H         LINE#         39
  C:06C6H         LINE#         40
  C:06CAH         LINE#         41
  C:06CFH         LINE#         42
  C:06D3H         LINE#         43
  C:06D5H         LINE#         44
  -------         ENDPROC       ONEWIRE_RECEIVEBIT
  -------         PROC          _ONEWIRE_SENDBYTE
  D:0005H         SYMBOL        Byte
  -------         DO            
  D:0004H         SYMBOL        i
  -------         ENDDO         
  C:06A5H         LINE#         46
  C:06A7H         LINE#         47
  C:06A7H         LINE#         49
  C:06A9H         LINE#         50
  C:06A9H         LINE#         51
  C:06B9H         LINE#         52
  C:06BDH         LINE#         53
  -------         ENDPROC       _ONEWIRE_SENDBYTE
  -------         PROC          ONEWIRE_RECEIVEBYTE
BL51 BANKED LINKER/LOCATER V6.22                                                      09/22/2026  16:05:26  PAGE 10


  -------         DO            
  D:0004H         SYMBOL        i
  D:0005H         SYMBOL        Byte
  -------         ENDDO         
  C:066EH         LINE#         55
  C:066EH         LINE#         56
  C:066EH         LINE#         58
  C:0670H         LINE#         60
  C:0671H         LINE#         61
  C:0671H         LINE#         62
  C:0684H         LINE#         63
  C:0688H         LINE#         64
  C:068AH         LINE#         65
  -------         ENDPROC       ONEWIRE_RECEIVEBYTE
  -------         ENDMOD        ONEWIRE

  -------         MODULE        ?C?FPMUL
  C:0003H         PUBLIC        ?C?FPMUL
  -------         ENDMOD        ?C?FPMUL

  -------         MODULE        ?C?FPDIV
  C:010CH         PUBLIC        ?C?FPDIV
  -------         ENDMOD        ?C?FPDIV

  -------         MODULE        ?C?FPCMP
  C:01ABH         PUBLIC        ?C?FPCMP
  C:01A9H         PUBLIC        ?C?FPCMP3
  -------         ENDMOD        ?C?FPCMP

  -------         MODULE        ?C?FPNEG
  C:0216H         PUBLIC        ?C?FPNEG
  -------         ENDMOD        ?C?FPNEG

  -------         MODULE        ?C?FCAST
  C:0231H         PUBLIC        ?C?FCASTC
  C:022CH         PUBLIC        ?C?FCASTI
  C:0227H         PUBLIC        ?C?FCASTL
  -------         ENDMOD        ?C?FCAST

  -------         MODULE        ?C?CASTF
  C:0265H         PUBLIC        ?C?CASTF
  -------         ENDMOD        ?C?CASTF

  -------         MODULE        ?C?CLDOPTR
  C:02E6H         PUBLIC        ?C?CLDOPTR
  -------         ENDMOD        ?C?CLDOPTR

  -------         MODULE        ?C?IMUL
  C:0313H         PUBLIC        ?C?IMUL
  -------         ENDMOD        ?C?IMUL

  -------         MODULE        ?C?UIDIV
  C:0325H         PUBLIC        ?C?UIDIV
  -------         ENDMOD        ?C?UIDIV

  -------         MODULE        ?C?ULDIV
  C:03B6H         PUBLIC        ?C?ULDIV
BL51 BANKED LINKER/LOCATER V6.22                                                      09/22/2026  16:05:26  PAGE 11


  -------         ENDMOD        ?C?ULDIV

  -------         MODULE        ?C?LNEG
  C:0448H         PUBLIC        ?C?LNEG
  -------         ENDMOD        ?C?LNEG

Program Size: data=39.0 xdata=0 code=1904
LINK/LOCATE RUN COMPLETE.  0 WARNING(S),  0 ERROR(S)
