C51 COMPILER V9.01   MAIN                                                                  09/27/2026 20:25:16 PAGE 1   


C51 COMPILER V9.01, COMPILATION OF MODULE MAIN
OBJECT MODULE PLACED IN main.OBJ
COMPILER INVOKED BY: D:\MCU\keil5\C51\BIN\C51.EXE main.c BROWSE DEBUG OBJECTEXTEND

line level    source

   1          #include <REGX52.H>
   2          #include "Delay.h"
   3          #include "Key.h"
   4          #include "Timer0.h"
   5          #include "Nixie.h"
   6          
   7          sbit  Motor=P1^0;
   8          
   9          unsigned char Counter,Compare;
  10          unsigned char KeyNum,Speed;
  11          
  12          void main()
  13          {
  14   1              Timer0_Init();
  15   1              while(1)
  16   1              {
  17   2                      KeyNum=Key();
  18   2                      if(KeyNum==1)
  19   2                      {
  20   3                              Speed++;
  21   3                              Speed%=4;
  22   3                              if(Speed==0)Compare=0;
  23   3                              if(Speed==1)Compare=50;
  24   3                              if(Speed==2)Compare=75;
  25   3                              if(Speed==3)Compare=100;
  26   3                      }
  27   2                      Nixie(1,Speed);
  28   2              }
  29   1      }
  30          
  31          void Timer0_Routine() interrupt 1
  32          {
  33   1              TL0 = 0x9C;             //设置定时初值
  34   1              TH0 = 0xFF;             //设置定时初值
  35   1              Counter++;
  36   1              Counter%=100;
  37   1              if(Counter<Compare)
  38   1              {
  39   2                      Motor=1;
  40   2              } 
  41   1              else
  42   1              {
  43   2                      Motor=0;
  44   2              }
  45   1      }


MODULE INFORMATION:   STATIC OVERLAYABLE
   CODE SIZE        =    104    ----
   CONSTANT SIZE    =   ----    ----
   XDATA SIZE       =   ----    ----
   PDATA SIZE       =   ----    ----
   DATA SIZE        =      4    ----
   IDATA SIZE       =   ----    ----
   BIT SIZE         =   ----    ----
C51 COMPILER V9.01   MAIN                                                                  09/27/2026 20:25:16 PAGE 2   

END OF MODULE INFORMATION.


C51 COMPILATION COMPLETE.  0 WARNING(S),  0 ERROR(S)
