C51 COMPILER V9.01   KEY                                                                   09/21/2026 11:09:03 PAGE 1   


C51 COMPILER V9.01, COMPILATION OF MODULE KEY
OBJECT MODULE PLACED IN Key.OBJ
COMPILER INVOKED BY: D:\MCU\keil5\C51\BIN\C51.EXE Key BROWSE DEBUG OBJECTEXTEND

line level    source

   1          #include <REGX52.H>
   2          #include "Delay.h"
   3          
   4          unsigned char Key_KeyNumber;
   5          
   6          unsigned char Key(void)
   7          {
   8   1              unsigned char Temp=0;
   9   1              Temp=Key_KeyNumber;
  10   1              Key_KeyNumber=0;
  11   1              return Temp;
  12   1      }
  13          unsigned char Key_GetState()
  14          {
  15   1              unsigned char KeyNumber=0;
  16   1      
  17   1              if(P3_1==0){KeyNumber=1;}
  18   1              if(P3_0==0){KeyNumber=2;}
  19   1              if(P3_2==0){KeyNumber=3;}
  20   1              if(P3_3==0){KeyNumber=4;}
  21   1      
  22   1              return KeyNumber;
  23   1      }
  24          
  25          void Key_Loop(void)
  26          {
  27   1              static unsigned char NowState,LastState;
  28   1              LastState=NowState;
  29   1              NowState=Key_GetState();
  30   1              if(LastState==1 && NowState==0)Key_KeyNumber=1;
  31   1              if(LastState==2 && NowState==0)Key_KeyNumber=2;
  32   1              if(LastState==3 && NowState==0)Key_KeyNumber=3;
  33   1              if(LastState==4 && NowState==0)Key_KeyNumber=4;
  34   1      
  35   1      
  36   1      }


MODULE INFORMATION:   STATIC OVERLAYABLE
   CODE SIZE        =     85    ----
   CONSTANT SIZE    =   ----    ----
   XDATA SIZE       =   ----    ----
   PDATA SIZE       =   ----    ----
   DATA SIZE        =      3    ----
   IDATA SIZE       =   ----    ----
   BIT SIZE         =   ----    ----
END OF MODULE INFORMATION.


C51 COMPILATION COMPLETE.  0 WARNING(S),  0 ERROR(S)
