C51 COMPILER V9.01   MIAN                                                                  09/21/2026 13:23:37 PAGE 1   


C51 COMPILER V9.01, COMPILATION OF MODULE MIAN
OBJECT MODULE PLACED IN mian.OBJ
COMPILER INVOKED BY: D:\MCU\keil5\C51\BIN\C51.EXE mian.c BROWSE DEBUG OBJECTEXTEND

line level    source

   1          #include <REGX52.H>
   2          #include "Timer0.h"
   3          #include "Key.h"
   4          #include "Nixie.h"
   5          #include "Delay.h"
   6          #include "AT24C02.h"
   7          
   8          unsigned char KeyNum;
   9          unsigned char Min,Sec,MinSec;
  10          unsigned char RunFlag;
  11          void main()
  12          {
  13   1              Timer0_Init();
  14   1              while(1)
  15   1              {
  16   2                      KeyNum=Key();
  17   2                      if(KeyNum)
  18   2                      {
  19   3                              if(KeyNum==1)RunFlag=!RunFlag;
  20   3                              if(KeyNum==2)
  21   3                              {
  22   4                                      Min=0;Sec=0;MinSec=0;
  23   4                              }
  24   3                              if(KeyNum==3)
  25   3                              {
  26   4                                      AT24C02_WriteByte(0,Min);
  27   4                                      Delay(5);
  28   4                                      AT24C02_WriteByte(1,Sec);
  29   4                                      Delay(5);
  30   4                                      AT24C02_WriteByte(2,MinSec);
  31   4                                      Delay(5);
  32   4      
  33   4                              }
  34   3                              if(KeyNum==4)
  35   3                              {
  36   4                                      Min=AT24C02_ReadByte(0);
  37   4                                      Sec=AT24C02_ReadByte(1);
  38   4                                      MinSec=AT24C02_ReadByte(2);
  39   4      
  40   4                              }
  41   3                      }
  42   2                              Nixie_SetBuf(1,Min/10);
  43   2                              Nixie_SetBuf(2,Min%10);
  44   2      
  45   2                              Nixie_SetBuf(3,17);
  46   2      
  47   2                              Nixie_SetBuf(4,Sec/10);
  48   2                              Nixie_SetBuf(5,Sec%10);
  49   2      
  50   2                              Nixie_SetBuf(6,17);
  51   2      
  52   2      
  53   2                              Nixie_SetBuf(7,MinSec/10);
  54   2                              Nixie_SetBuf(8,MinSec%10);
  55   2      
C51 COMPILER V9.01   MIAN                                                                  09/21/2026 13:23:37 PAGE 2   

  56   2              }
  57   1      }
  58          
  59          void Sec_Loop(void)
  60          {
  61   1              if(RunFlag)
  62   1              {
  63   2                      MinSec++;
  64   2                      if(MinSec>=100)
  65   2                      {
  66   3                              MinSec=0;
  67   3                              Sec++;
  68   3                              if(Sec>=60)
  69   3                              {
  70   4                                      Sec=0;
  71   4                                      Min++;
  72   4                                      if(Min>=60)
  73   4                                      Min=0;
  74   4                              }
  75   3                      }
  76   2      
  77   2              }
  78   1      }
  79          
  80          void Timer0_Routine() interrupt 1
  81          {
  82   1              static unsigned int T0Count1,T0Count2,T0Count3;
  83   1              TL0 = 0x18;             //设置定时初值
  84   1              TH0 = 0xFC;             //设置定时初值
  85   1              T0Count1++;
  86   1              if(T0Count1>=100)
  87   1              {
  88   2                      T0Count1=0;
  89   2                      Key_Loop();
  90   2                      //Nixie_Loop();
  91   2              }
  92   1              T0Count2++;
  93   1              if(T0Count2>=2)
  94   1              {
  95   2                      T0Count2=0;
  96   2                      Nixie_Loop();
  97   2              }
  98   1              T0Count3++;
  99   1              if(T0Count3>=10)
 100   1              {
 101   2                      T0Count3=0;
 102   2                      Sec_Loop();
 103   2              } 
 104   1      }


MODULE INFORMATION:   STATIC OVERLAYABLE
   CODE SIZE        =    412    ----
   CONSTANT SIZE    =   ----    ----
   XDATA SIZE       =   ----    ----
   PDATA SIZE       =   ----    ----
   DATA SIZE        =     11    ----
   IDATA SIZE       =   ----    ----
   BIT SIZE         =   ----    ----
END OF MODULE INFORMATION.


C51 COMPILATION COMPLETE.  0 WARNING(S),  0 ERROR(S)
