C51 COMPILER V9.01   NIXIE                                                                 09/21/2026 12:17:34 PAGE 1   


C51 COMPILER V9.01, COMPILATION OF MODULE NIXIE
OBJECT MODULE PLACED IN Nixie.OBJ
COMPILER INVOKED BY: D:\MCU\keil5\C51\BIN\C51.EXE Nixie.c BROWSE DEBUG OBJECTEXTEND

line level    source

   1          #include <REGX52.H>
   2          #include "Delay.h"
   3          
   4          unsigned char Nixie_Buf[9]={0,16,16,16,16,16,16,16,16};
   5          
   6          unsigned char NixieTable[] = {0x3F, 0x06, 0x5B, 0x4F, 0x66, 0x6D, 0x7D, 0x07, 0x7F, 0x6F
   7          , 0x77, 0x7C, 0x39, 0x5E, 0x79, 0x71, 0x00, 0x40};
   8          
   9          void Nixie_SetBuf(unsigned char Location, Number)
  10          {
  11   1              Nixie_Buf[Location]=Number;     
  12   1      }
  13          
  14          void Nixie_Scan(unsigned char Location, Number)
  15          {
  16   1              P0=0x00;
  17   1              switch(Location)
  18   1              {
  19   2                      case 1:P2_4=1;P2_3=1;P2_2=1;break;
  20   2                      case 2:P2_4=1;P2_3=1;P2_2=0;break;
  21   2                      case 3:P2_4=1;P2_3=0;P2_2=1;break;
  22   2                      case 4:P2_4=1;P2_3=0;P2_2=0;break;
  23   2                      case 5:P2_4=0;P2_3=1;P2_2=1;break;
  24   2                      case 6:P2_4=0;P2_3=1;P2_2=0;break;
  25   2                      case 7:P2_4=0;P2_3=0;P2_2=1;break;
  26   2                      case 8:P2_4=0;P2_3=0;P2_2=0;break;
  27   2              }
  28   1              P0=NixieTable[Number];
  29   1              //Delay(1);
  30   1              //P0=0x00;
  31   1      }
  32          
  33          
  34          void Nixie_Loop(void)
  35          {
  36   1              static unsigned char i=1;
  37   1              Nixie_Scan(i, Nixie_Buf[i]);
  38   1              i++;
  39   1              if(i>=9)i=1;
  40   1      }


MODULE INFORMATION:   STATIC OVERLAYABLE
   CODE SIZE        =    138    ----
   CONSTANT SIZE    =   ----    ----
   XDATA SIZE       =   ----    ----
   PDATA SIZE       =   ----    ----
   DATA SIZE        =     28    ----
   IDATA SIZE       =   ----    ----
   BIT SIZE         =   ----    ----
END OF MODULE INFORMATION.


C51 COMPILATION COMPLETE.  0 WARNING(S),  0 ERROR(S)
