BL51 BANKED LINKER/LOCATER V6.22                                                        09/21/2026  13:27:30  PAGE 1


BL51 BANKED LINKER/LOCATER V6.22, INVOKED BY:
D:\MCU\KEIL5\C51\BIN\BL51.EXE Delayc.obj, Nixie.obj, Timer0.obj, Key.obj, mian.obj, 12C.obj, AT24C02.obj TO Project RAMS
>> IZE (256) DISABLEWARNING (16)


MEMORY MODEL: SMALL


INPUT MODULES INCLUDED:
  Delayc.obj (DELAYC)
  Nixie.obj (NIXIE)
  Timer0.obj (TIMER0)
  Key.obj (KEY)
  mian.obj (MIAN)
  12C.obj (12C)
  AT24C02.obj (AT24C02)
  D:\MCU\KEIL5\C51\LIB\C51S.LIB (?C_STARTUP)
  D:\MCU\KEIL5\C51\LIB\C51S.LIB (?C_INIT)


LINK MAP OF MODULE:  Project (DELAYC)


            TYPE    BASE      LENGTH    RELOCATION   SEGMENT NAME
            -----------------------------------------------------

            * * * * * * *   D A T A   M E M O R Y   * * * * * * *
            REG     0000H     0008H     ABSOLUTE     "REG BANK 0"
            DATA    0008H     001CH     UNIT         ?DT?NIXIE
            DATA    0024H     000BH     UNIT         ?DT?MIAN
            DATA    002FH     0003H     UNIT         ?DT?KEY
            DATA    0032H     0003H     UNIT         _DATA_GROUP_
            IDATA   0035H     0001H     UNIT         ?STACK

            * * * * * * *   C O D E   M E M O R Y   * * * * * * *
            CODE    0000H     0003H     ABSOLUTE     
            CODE    0003H     0007H     UNIT         ?PR?I2C_STOP?12C
                    000AH     0001H                  *** GAP ***
            CODE    000BH     0003H     ABSOLUTE     
            CODE    000EH     00E9H     UNIT         ?PR?MAIN?MIAN
            CODE    00F7H     008CH     UNIT         ?PR?TIMER0_ROUTINE?MIAN
            CODE    0183H     008CH     UNIT         ?C_C51STARTUP
            CODE    020FH     0066H     UNIT         ?PR?_NIXIE_SCAN?NIXIE
            CODE    0275H     0039H     UNIT         ?PR?KEY_LOOP?KEY
            CODE    02AEH     0033H     UNIT         ?PR?_AT24C02_READBYTE?AT24C02
            CODE    02E1H     0029H     UNIT         ?PR?_I2C_SENDBYTE?12C
            CODE    030AH     0027H     UNIT         ?PR?SEC_LOOP?MIAN
            CODE    0331H     0024H     UNIT         ?PR?_AT24C02_WRITEBYTE?AT24C02
            CODE    0355H     0023H     UNIT         ?C_INITSEG
            CODE    0378H     001EH     UNIT         ?PR?I2C_RECIVEBYTE?12C
            CODE    0396H     001BH     UNIT         ?PR?NIXIE_LOOP?NIXIE
            CODE    03B1H     0017H     UNIT         ?PR?TIMER0_INIT?TIMER0
            CODE    03C8H     0016H     UNIT         ?PR?KEY_GETSTATE?KEY
            CODE    03DEH     0015H     UNIT         ?PR?_DELAY?DELAYC
            CODE    03F3H     000CH     UNIT         ?PR?I2C_RECIVEACK?12C
            CODE    03FFH     000AH     UNIT         ?PR?_I2C_SENDACK?12C
            CODE    0409H     0009H     UNIT         ?PR?_NIXIE_SETBUF?NIXIE
            CODE    0412H     0009H     UNIT         ?PR?I2C_START?12C
BL51 BANKED LINKER/LOCATER V6.22                                                      09/21/2026  13:27:30  PAGE 2


            CODE    041BH     0006H     UNIT         ?PR?KEY?KEY



OVERLAY MAP OF MODULE:   Project (DELAYC)


SEGMENT                                  DATA_GROUP 
  +--> CALLED SEGMENT                  START    LENGTH
------------------------------------------------------
?PR?TIMER0_ROUTINE?MIAN                -----    -----
  +--> ?PR?KEY_LOOP?KEY
  +--> ?PR?NIXIE_LOOP?NIXIE
  +--> ?PR?SEC_LOOP?MIAN

?PR?KEY_LOOP?KEY                       -----    -----
  +--> ?PR?KEY_GETSTATE?KEY

?PR?NIXIE_LOOP?NIXIE                   -----    -----
  +--> ?PR?_NIXIE_SCAN?NIXIE

*** NEW ROOT ***************************************************

?C_C51STARTUP                          -----    -----
  +--> ?PR?MAIN?MIAN
  +--> ?C_INITSEG

?PR?MAIN?MIAN                          -----    -----
  +--> ?PR?TIMER0_INIT?TIMER0
  +--> ?PR?KEY?KEY
  +--> ?PR?_AT24C02_WRITEBYTE?AT24C02
  +--> ?PR?_DELAY?DELAYC
  +--> ?PR?_AT24C02_READBYTE?AT24C02
  +--> ?PR?_NIXIE_SETBUF?NIXIE

?PR?_AT24C02_WRITEBYTE?AT24C02         0032H    0003H
  +--> ?PR?I2C_START?12C
  +--> ?PR?_I2C_SENDBYTE?12C
  +--> ?PR?I2C_RECIVEACK?12C
  +--> ?PR?I2C_STOP?12C

?PR?_AT24C02_READBYTE?AT24C02          0032H    0002H
  +--> ?PR?I2C_START?12C
  +--> ?PR?_I2C_SENDBYTE?12C
  +--> ?PR?I2C_RECIVEACK?12C
  +--> ?PR?I2C_RECIVEBYTE?12C
  +--> ?PR?_I2C_SENDACK?12C
  +--> ?PR?I2C_STOP?12C



SYMBOL TABLE OF MODULE:  Project (DELAYC)

  VALUE           TYPE          NAME
  ----------------------------------

  -------         MODULE        DELAYC
BL51 BANKED LINKER/LOCATER V6.22                                                      09/21/2026  13:27:30  PAGE 3


  C:0000H         SYMBOL        _ICE_DUMMY_
  C:03DEH         PUBLIC        _Delay
  -------         PROC          _DELAY
  D:0006H         SYMBOL        xms
  -------         DO            
  D:0005H         SYMBOL        i
  D:0004H         SYMBOL        j
  -------         ENDDO         
  C:03DEH         LINE#         1
  C:03DEH         LINE#         2
  C:03DEH         LINE#         5
  C:03E8H         LINE#         6
  C:03E8H         LINE#         7
  C:03EAH         LINE#         8
  C:03ECH         LINE#         10
  C:03ECH         LINE#         11
  C:03EEH         LINE#         12
  C:03F0H         LINE#         13
  C:03F2H         LINE#         14
  -------         ENDPROC       _DELAY
  -------         ENDMOD        DELAYC

  -------         MODULE        NIXIE
  C:0000H         SYMBOL        _ICE_DUMMY_
  D:0009H         PUBLIC        Nixie_Buf
  D:0080H         PUBLIC        P0
  B:00A0H.2       PUBLIC        P2_2
  B:00A0H.3       PUBLIC        P2_3
  B:00A0H.4       PUBLIC        P2_4
  C:0409H         PUBLIC        _Nixie_SetBuf
  C:020FH         PUBLIC        _Nixie_Scan
  D:0012H         PUBLIC        NixieTable
  C:0396H         PUBLIC        Nixie_Loop
  -------         PROC          _NIXIE_SETBUF
  D:0007H         SYMBOL        Location
  D:0004H         SYMBOL        Number
  C:0409H         LINE#         9
  C:0409H         LINE#         10
  C:0409H         LINE#         11
  C:0411H         LINE#         12
  -------         ENDPROC       _NIXIE_SETBUF
  -------         PROC          _NIXIE_SCAN
  D:0007H         SYMBOL        Location
  D:0004H         SYMBOL        Number
  C:020FH         LINE#         14
  C:020FH         LINE#         15
  C:020FH         LINE#         16
  C:0212H         LINE#         17
  C:023FH         LINE#         18
  C:023FH         LINE#         19
  C:0243H         LINE#         20
  C:0247H         LINE#         21
  C:024BH         LINE#         22
  C:024FH         LINE#         23
  C:0257H         LINE#         24
  C:025FH         LINE#         25
  C:0267H         LINE#         26
BL51 BANKED LINKER/LOCATER V6.22                                                      09/21/2026  13:27:30  PAGE 4


  C:026DH         LINE#         27
  C:026DH         LINE#         28
  C:0274H         LINE#         31
  -------         ENDPROC       _NIXIE_SCAN
  -------         PROC          NIXIE_LOOP
  -------         DO            
  D:0008H         SYMBOL        i
  -------         ENDDO         
  C:0396H         LINE#         34
  C:0396H         LINE#         35
  C:0396H         LINE#         37
  C:03A4H         LINE#         38
  C:03A6H         LINE#         39
  C:03B0H         LINE#         40
  -------         ENDPROC       NIXIE_LOOP
  -------         ENDMOD        NIXIE

  -------         MODULE        TIMER0
  C:0000H         SYMBOL        _ICE_DUMMY_
  B:00A8H.7       PUBLIC        EA
  C:03B1H         PUBLIC        Timer0_Init
  D:0089H         PUBLIC        TMOD
  B:00A8H.1       PUBLIC        ET0
  B:0088H.5       PUBLIC        TF0
  D:008CH         PUBLIC        TH0
  D:008AH         PUBLIC        TL0
  B:00B8H.1       PUBLIC        PT0
  B:0088H.4       PUBLIC        TR0
  -------         PROC          TIMER0_INIT
  C:03B1H         LINE#         4
  C:03B1H         LINE#         5
  C:03B1H         LINE#         8
  C:03B4H         LINE#         9
  C:03B7H         LINE#         10
  C:03BAH         LINE#         11
  C:03BDH         LINE#         12
  C:03BFH         LINE#         13
  C:03C1H         LINE#         15
  C:03C3H         LINE#         16
  C:03C5H         LINE#         17
  C:03C7H         LINE#         18
  -------         ENDPROC       TIMER0_INIT
  -------         ENDMOD        TIMER0

  -------         MODULE        KEY
  C:0000H         SYMBOL        _ICE_DUMMY_
  B:00B0H.0       PUBLIC        P3_0
  B:00B0H.1       PUBLIC        P3_1
  B:00B0H.2       PUBLIC        P3_2
  B:00B0H.3       PUBLIC        P3_3
  D:0031H         PUBLIC        Key_KeyNumber
  C:0275H         PUBLIC        Key_Loop
  C:041BH         PUBLIC        Key
  C:03C8H         PUBLIC        Key_GetState
  -------         PROC          KEY
  -------         DO            
  D:0007H         SYMBOL        Temp
BL51 BANKED LINKER/LOCATER V6.22                                                      09/21/2026  13:27:30  PAGE 5


  -------         ENDDO         
  C:041BH         LINE#         6
  C:041BH         LINE#         7
  C:041BH         LINE#         8
  C:041CH         LINE#         9
  C:041EH         LINE#         10
  C:0420H         LINE#         11
  C:0420H         LINE#         12
  -------         ENDPROC       KEY
  -------         PROC          KEY_GETSTATE
  -------         DO            
  D:0007H         SYMBOL        KeyNumber
  -------         ENDDO         
  C:03C8H         LINE#         13
  C:03C8H         LINE#         14
  C:03C8H         LINE#         15
  C:03CAH         LINE#         17
  C:03CEH         LINE#         18
  C:03D3H         LINE#         19
  C:03D8H         LINE#         20
  C:03DDH         LINE#         22
  C:03DDH         LINE#         23
  -------         ENDPROC       KEY_GETSTATE
  -------         PROC          KEY_LOOP
  -------         DO            
  D:002FH         SYMBOL        NowState
  D:0030H         SYMBOL        LastState
  -------         ENDDO         
  C:0275H         LINE#         25
  C:0275H         LINE#         26
  C:0275H         LINE#         28
  C:0278H         LINE#         29
  C:027DH         LINE#         30
  C:0289H         LINE#         31
  C:0295H         LINE#         32
  C:02A1H         LINE#         33
  C:02ADH         LINE#         36
  -------         ENDPROC       KEY_LOOP
  -------         ENDMOD        KEY

  -------         MODULE        MIAN
  C:0000H         SYMBOL        _ICE_DUMMY_
  C:00F7H         PUBLIC        Timer0_Routine
  C:030AH         PUBLIC        Sec_Loop
  D:002AH         PUBLIC        Sec
  D:002BH         PUBLIC        Min
  C:000EH         PUBLIC        main
  D:002CH         PUBLIC        RunFlag
  D:002DH         PUBLIC        MinSec
  D:008CH         PUBLIC        TH0
  D:008AH         PUBLIC        TL0
  D:002EH         PUBLIC        KeyNum
  -------         PROC          MAIN
  C:000EH         LINE#         11
  C:000EH         LINE#         12
  C:000EH         LINE#         13
  C:0011H         LINE#         14
BL51 BANKED LINKER/LOCATER V6.22                                                      09/21/2026  13:27:30  PAGE 6


  C:0011H         LINE#         15
  C:0011H         LINE#         16
  C:0016H         LINE#         17
  C:001AH         LINE#         18
  C:001AH         LINE#         19
  C:0029H         LINE#         20
  C:002EH         LINE#         21
  C:002EH         LINE#         22
  C:0035H         LINE#         23
  C:0035H         LINE#         24
  C:003BH         LINE#         25
  C:003BH         LINE#         26
  C:0045H         LINE#         27
  C:004CH         LINE#         28
  C:0056H         LINE#         29
  C:005DH         LINE#         30
  C:0067H         LINE#         31
  C:006EH         LINE#         33
  C:006EH         LINE#         34
  C:0073H         LINE#         35
  C:0073H         LINE#         36
  C:007AH         LINE#         37
  C:0081H         LINE#         38
  C:0088H         LINE#         40
  C:0088H         LINE#         41
  C:0088H         LINE#         42
  C:0096H         LINE#         43
  C:00A6H         LINE#         45
  C:00AFH         LINE#         47
  C:00BDH         LINE#         48
  C:00CDH         LINE#         50
  C:00D6H         LINE#         53
  C:00E4H         LINE#         54
  C:00F4H         LINE#         56
  -------         ENDPROC       MAIN
  -------         PROC          SEC_LOOP
  C:030AH         LINE#         59
  C:030AH         LINE#         60
  C:030AH         LINE#         61
  C:030EH         LINE#         62
  C:030EH         LINE#         63
  C:0310H         LINE#         64
  C:0317H         LINE#         65
  C:0317H         LINE#         66
  C:031AH         LINE#         67
  C:031CH         LINE#         68
  C:0322H         LINE#         69
  C:0322H         LINE#         70
  C:0325H         LINE#         71
  C:0327H         LINE#         72
  C:032DH         LINE#         73
  C:0330H         LINE#         74
  C:0330H         LINE#         75
  C:0330H         LINE#         77
  C:0330H         LINE#         78
  -------         ENDPROC       SEC_LOOP
  -------         PROC          TIMER0_ROUTINE
BL51 BANKED LINKER/LOCATER V6.22                                                      09/21/2026  13:27:30  PAGE 7


  -------         DO            
  D:0024H         SYMBOL        T0Count1
  D:0026H         SYMBOL        T0Count2
  D:0028H         SYMBOL        T0Count3
  -------         ENDDO         
  C:00F7H         LINE#         80
  C:0114H         LINE#         83
  C:0117H         LINE#         84
  C:011AH         LINE#         85
  C:0122H         LINE#         86
  C:012BH         LINE#         87
  C:012BH         LINE#         88
  C:0131H         LINE#         89
  C:0134H         LINE#         91
  C:0134H         LINE#         92
  C:013CH         LINE#         93
  C:0145H         LINE#         94
  C:0145H         LINE#         95
  C:014BH         LINE#         96
  C:014EH         LINE#         97
  C:014EH         LINE#         98
  C:0156H         LINE#         99
  C:015FH         LINE#         100
  C:015FH         LINE#         101
  C:0165H         LINE#         102
  C:0168H         LINE#         103
  C:0168H         LINE#         104
  -------         ENDPROC       TIMER0_ROUTINE
  -------         ENDMOD        MIAN

  -------         MODULE        12C
  C:0000H         SYMBOL        _ICE_DUMMY_
  B:00A0H.1       PUBLIC        I2C_SCL
  D:00A0H         PUBLIC        P2
  C:03F3H         PUBLIC        I2C_ReciveAck
  C:0378H         PUBLIC        I2C_ReciveByte
  C:0412H         PUBLIC        I2C_Start
  C:03FFH         PUBLIC        _I2C_SendAck
  C:02E1H         PUBLIC        _I2C_SendByte
  C:0003H         PUBLIC        I2C_Stop
  B:00A0H.0       PUBLIC        I2C_SDA
  -------         PROC          I2C_START
  C:0412H         LINE#         11
  C:0412H         LINE#         12
  C:0412H         LINE#         13
  C:0414H         LINE#         14
  C:0416H         LINE#         15
  C:0418H         LINE#         16
  C:041AH         LINE#         17
  -------         ENDPROC       I2C_START
  -------         PROC          I2C_STOP
  C:0003H         LINE#         24
  C:0003H         LINE#         25
  C:0003H         LINE#         26
  C:0005H         LINE#         27
  C:0007H         LINE#         28
  C:0009H         LINE#         29
BL51 BANKED LINKER/LOCATER V6.22                                                      09/21/2026  13:27:30  PAGE 8


  -------         ENDPROC       I2C_STOP
  -------         PROC          _I2C_SENDBYTE
  D:0005H         SYMBOL        Byte
  -------         DO            
  D:0003H         SYMBOL        i
  -------         ENDDO         
  C:02E1H         LINE#         36
  C:02E3H         LINE#         37
  C:02E3H         LINE#         39
  C:02E5H         LINE#         40
  C:02E5H         LINE#         41
  C:0301H         LINE#         42
  C:0303H         LINE#         43
  C:0305H         LINE#         44
  C:0309H         LINE#         45
  -------         ENDPROC       _I2C_SENDBYTE
  -------         PROC          I2C_RECIVEBYTE
  -------         DO            
  D:0006H         SYMBOL        i
  D:0007H         SYMBOL        Byte
  -------         ENDDO         
  C:0378H         LINE#         52
  C:0378H         LINE#         53
  C:0378H         LINE#         54
  C:037AH         LINE#         55
  C:037CH         LINE#         57
  C:037DH         LINE#         58
  C:037DH         LINE#         59
  C:037FH         LINE#         60
  C:038FH         LINE#         61
  C:0391H         LINE#         62
  C:0395H         LINE#         63
  C:0395H         LINE#         64
  -------         ENDPROC       I2C_RECIVEBYTE
  -------         PROC          _I2C_SENDACK
  D:0007H         SYMBOL        AckBit
  C:03FFH         LINE#         71
  C:03FFH         LINE#         72
  C:03FFH         LINE#         73
  C:0404H         LINE#         74
  C:0406H         LINE#         75
  C:0408H         LINE#         76
  -------         ENDPROC       _I2C_SENDACK
  -------         PROC          I2C_RECIVEACK
  -------         DO            
  D:0007H         SYMBOL        AckBit
  -------         ENDDO         
  C:03F3H         LINE#         84
  C:03F3H         LINE#         85
  C:03F3H         LINE#         87
  C:03F5H         LINE#         88
  C:03F7H         LINE#         89
  C:03FCH         LINE#         91
  C:03FEH         LINE#         92
  C:03FEH         LINE#         93
  -------         ENDPROC       I2C_RECIVEACK
  -------         ENDMOD        12C
BL51 BANKED LINKER/LOCATER V6.22                                                      09/21/2026  13:27:30  PAGE 9



  -------         MODULE        AT24C02
  C:0000H         SYMBOL        _ICE_DUMMY_
  C:02AEH         PUBLIC        _AT24C02_ReadByte
  C:0331H         PUBLIC        _AT24C02_WriteByte
  -------         PROC          _AT24C02_WRITEBYTE
  D:0032H         SYMBOL        WordAddress
  D:0033H         SYMBOL        Data
  C:0331H         LINE#         11
  C:0337H         LINE#         12
  C:0337H         LINE#         13
  C:033AH         LINE#         14
  C:033FH         LINE#         15
  C:0342H         LINE#         16
  C:0347H         LINE#         17
  C:034AH         LINE#         18
  C:034FH         LINE#         19
  C:0352H         LINE#         20
  -------         ENDPROC       _AT24C02_WRITEBYTE
  -------         PROC          _AT24C02_READBYTE
  D:0032H         SYMBOL        WordAddress
  -------         DO            
  D:0033H         SYMBOL        Data
  -------         ENDDO         
  C:02AEH         LINE#         29
  C:02B0H         LINE#         30
  C:02B0H         LINE#         31
  C:02B3H         LINE#         32
  C:02B6H         LINE#         33
  C:02BBH         LINE#         34
  C:02BEH         LINE#         35
  C:02C3H         LINE#         36
  C:02C6H         LINE#         37
  C:02C9H         LINE#         38
  C:02CEH         LINE#         39
  C:02D1H         LINE#         40
  C:02D6H         LINE#         41
  C:02DBH         LINE#         42
  C:02DEH         LINE#         43
  C:02E0H         LINE#         44
  -------         ENDPROC       _AT24C02_READBYTE
  -------         ENDMOD        AT24C02

Program Size: data=54.0 xdata=0 code=1056
LINK/LOCATE RUN COMPLETE.  0 WARNING(S),  0 ERROR(S)
