C51 COMPILER V9.01   TIMER0                                                                09/21/2026 01:16:49 PAGE 1   


C51 COMPILER V9.01, COMPILATION OF MODULE TIMER0
OBJECT MODULE PLACED IN Timer0.OBJ
COMPILER INVOKED BY: D:\MCU\keil5\C51\BIN\C51.EXE Timer0 BROWSE DEBUG OBJECTEXTEND

line level    source

   1          #include <REGX52.H>
   2          
   3          
   4          void Timer0_Init()//1毫秒@12.000MHz
   5          {
   6   1              //TMOD=0x01;使用双计时器时会出现问题            //0000 0001
   7   1      
   8   1              TMOD &= 0xF0;           //设置定时器模式
   9   1              TMOD |= 0x01;           //设置定时器模式
  10   1              TL0 = 0x18;             //设置定时初值
  11   1              TH0 = 0xFC;             //设置定时初值
  12   1              TF0 = 0;                //清除TF0标志
  13   1              TR0 = 1;                //定时器0开始计时
  14   1      
  15   1              ET0=1;
  16   1              EA=1;
  17   1              PT0=0;
  18   1      }
  19          
  20          /*定时器中断函数模版
  21          void Timer0_Routine() interrupt 1
  22          {
  23                  static unsigned int T0Count;
  24                  TL0 = 0x18;             //设置定时初值
  25                  TH0 = 0xFC;             //设置定时初值
  26                   T0Count++;
  27                   if(T0Count>=1000)
  28                   {
  29                          T0Count=0;
  30                          P2_0=~P2_0; 
  31                   }
  32                   
  33          }
  34          */


MODULE INFORMATION:   STATIC OVERLAYABLE
   CODE SIZE        =     23    ----
   CONSTANT SIZE    =   ----    ----
   XDATA SIZE       =   ----    ----
   PDATA SIZE       =   ----    ----
   DATA SIZE        =   ----    ----
   IDATA SIZE       =   ----    ----
   BIT SIZE         =   ----    ----
END OF MODULE INFORMATION.


C51 COMPILATION COMPLETE.  0 WARNING(S),  0 ERROR(S)
